[
  [
    {
      "name": "COS 126",
      "possible_reqs": [
        "Computer Science - BSE//Prerequisites//Computer Science Prerequisites"
      ],
      "reqs_satisfied": [
        "Computer Science - BSE//Prerequisites//Computer Science Prerequisites"
      ],
      "settled": [
        "Computer Science - BSE//Prerequisites//Computer Science Prerequisites"
      ]
    },
    {
      "name": "COS 226",
      "possible_reqs": [
        "Computer Science - BSE//Prerequisites//Computer Science Prerequisites"
      ],
      "reqs_satisfied": [
        "Computer Science - BSE//Prerequisites//Computer Science Prerequisites"
      ],
      "settled": [
        "Computer Science - BSE//Prerequisites//Computer Science Prerequisites"
      ]
    },
    {
      "name": "COS 217",
      "possible_reqs": [
        "Computer Science - BSE//Prerequisites//Computer Science Prerequisites"
      ],
      "reqs_satisfied": [
        "Computer Science - BSE//Prerequisites//Computer Science Prerequisites"
      ],
      "settled": [
        "Computer Science - BSE//Prerequisites//Computer Science Prerequisites"
      ]
    }
  ],
  [
    {
      "name": "COS340",
      "possible_reqs": [
        "Computer Science - BSE//Core Courses//Theory//000",
        "Computer Science - BSE//Core Courses//General//000"
      ],
      "reqs_satisfied": []
    },
    {
      "name": "COS 333",
      "possible_reqs": [
        "Computer Science - BSE//Core Courses//Systems//000",
        "Computer Science - BSE//Core Courses//General//000"
      ],
      "reqs_satisfied": []
    }
  ],
  [
    {
      "name": "COS 398",
      "possible_reqs": [
        "Computer Science - BSE//Core Courses//General//000",
        "Computer Science - BSE//Core Courses//General//001",
        "Computer Science - BSE//Independent Work"
      ],
      "reqs_satisfied": [
        "Computer Science - BSE//Independent Work"
      ],
      "settled": [
        "Computer Science - BSE//Independent Work"
      ]
    },
    {
      "name": "ELE 206/COS 306",
      "possible_reqs": [
        "Computer Science - BSE//Core Courses//Systems//000",
        "Computer Science - BSE//Core Courses//General//000"
      ],
      "reqs_satisfied": []
    },
    {
      "name": "MUS314/COS314",
      "possible_reqs": [
        "Computer Science - BSE//Core Courses//Applications",
        "Computer Science - BSE//Core Courses//General//000"
      ],
      "reqs_satisfied": []
    },
    {
      "name": "COS 423",
      "possible_reqs": [
        "Computer Science - BSE//Core Courses//Theory//000",
        "Computer Science - BSE//Core Courses//General//000"
      ],
      "reqs_satisfied": []
    },
    {
      "name": "COS 436",
      "possible_reqs": [
        "Computer Science - BSE//Core Courses//Applications",
        "Computer Science - BSE//Core Courses//General//000"
      ],
      "reqs_satisfied": []
    }
  ],
  [
    {
      "name": "ART 213",
      "possible_reqs": [],
      "reqs_satisfied": []
    },
    {
      "name": "NEU 330 / PSY 330",
      "possible_reqs": [
        "Computer Science - BSE//Core Courses//General//000"
      ],
      "reqs_satisfied": [
        "Computer Science - BSE//Core Courses//General//000"
      ],
      "settled": [
        "Computer Science - BSE//Core Courses//General//000"
      ]
    },
    {
      "name": "COS 498",
      "possible_reqs": [
        "Computer Science - BSE//Core Courses//General//000",
        "Computer Science - BSE//Core Courses//General//001",
        "Computer Science - BSE//Independent Work"
      ],
      "reqs_satisfied": []
    }
  ]
]

{
  "name": "Computer Science - BSE",
  "code": "COS-BSE",
  "degree": "BSE",
  "path_to": "Computer Science - BSE",
  "urls": [
    "https://ua.princeton.edu/academic-units/department-computer-science-bse",
    "https://www.cs.princeton.edu/ugrad/becoming-cs-major/requirements"
  ],
  "contacts": [
    {
      "type": "Program Coordinator",
      "name": "Colleen Kenny",
      "email": "ckenny@cs.princeton.edu"
    },
    {
      "type": "Departmental Representative",
      "name": "Brian Kernighan",
      "email": "bwk@cs.princeton.edu"
    },
    {
      "type": "Departmental Representative",
      "name": "Andrea LaPaugh",
      "email": "aslp@cs.princeton.edu"
    }
  ],
  "satisfied": false,
  "count": 2,
  "min_needed": 3,
  "max_counted": null,
  "req_list": [
    {
      "name": "Prerequisites",
      "path_to": "Computer Science - BSE//Prerequisites",
      "explanation": "All BSE students must meet the School of Engineering and Applied Science general requirements(link is external). Students must complete 126, 217, and 226. Students should plan to take both 217 and 226 before the junior year. One or both of these are required prerequisites(link is external) for all later computer science courses.",
      "pdfs_allowed": false,
      "satisfied": true,
      "count": 3,
      "min_needed": 3,
      "max_counted": 1,
      "req_list": [
        {
          "name": "Computer Science Prerequisites",
          "path_to": "Computer Science - BSE//Prerequisites//Computer Science Prerequisites",
          "explanation": "The three prerequisite computer science courses introduce the core concepts and techniques of the field. ",
          "satisfied": true,
          "count": 3,
          "min_needed": 3,
          "max_counted": 3,
          "settled": [
            "COS 126",
            "COS 226",
            "COS 217"
          ],
          "unsettled": []
        }
      ]
    },
    {
      "name": "Core Courses",
      "path_to": "Computer Science - BSE//Core Courses",
      "explanation": "Eight additional departmental courses at or above the 300 level must be elected to fulfill the departmental requirements(link is external).  These eight courses must include two each from the following three areas:",
      "pdfs_allowed": false,
      "satisfied": false,
      "count": 0,
      "min_needed": 4,
      "max_counted": 1,
      "req_list": [
        {
          "name": "Theory",
          "path_to": "Computer Science - BSE//Core Courses//Theory",
          "explanation": null,
          "satisfied": false,
          "count": 0,
          "min_needed": 2,
          "max_counted": 1,
          "settled": [],
          "unsettled": [
            "COS340",
            "COS 423"
          ]
        },
        {
          "name": "Systems",
          "path_to": "Computer Science - BSE//Core Courses//Systems",
          "explanation": null,
          "satisfied": false,
          "count": 0,
          "min_needed": 2,
          "max_counted": 1,
          "settled": [],
          "unsettled": [
            "COS 333",
            "ELE 206/COS 306"
          ]
        },
        {
          "name": "Applications",
          "path_to": "Computer Science - BSE//Core Courses//Applications",
          "explanation": null,
          "satisfied": false,
          "count": 0,
          "min_needed": 2,
          "max_counted": 1,
          "settled": [],
          "unsettled": [
            "MUS314/COS314",
            "COS 436"
          ]
        },
        {
          "name": "General",
          "path_to": "Computer Science - BSE//Core Courses//General",
          "explanation": null,
          "satisfied": false,
          "count": 1,
          "min_needed": 2,
          "max_counted": 1,
          "settled": [
            "NEU 330 / PSY 330"
          ],
          "unsettled": [
            "COS340",
            "COS 333",
            "ELE 206/COS 306",
            "MUS314/COS314",
            "COS 423",
            "COS 436",
            "COS 498"
          ]
        }
      ]
    },
    {
      "name": "Independent Work",
      "path_to": "Computer Science - BSE//Independent Work",
      "explanation": "All B.S.E. concentrators engage in independent work supervised by a member of the department, often associated with a research project. It may require a significant programming effort, a theoretical study involving the design and analysis of algorithms, or an applications problem in some other field. The results of these efforts must be presented in a written report and poster session. B.S.E. students must elect one semester of independent work by enrolling in 397, 398, 497, or 498. One additional semester of independent work may be counted as one of the departmental courses.",
      "pdfs_allowed": false,
      "satisfied": true,
      "count": 1,
      "min_needed": 1,
      "max_counted": 1,
      "settled": [
        "COS 398"
      ],
      "unsettled": [
        "COS 498"
      ]
    }
  ]
}
